src/controllers/bookingController.ts(270,96): error TS2339: Property 'service' does not exist on type '{ client: { email: string | null; id: string; phone: string | null; createdAt: Date; updatedAt: Date; name: string; isVIP: boolean; }; } & { id: string; clientId: string; createdAt: Date; ... 10 more ...; parentBookingId: string | null; }'.
src/controllers/bookingController.ts(281,37): error TS2339: Property 'service' does not exist on type '{ client: { email: string | null; id: string; phone: string | null; createdAt: Date; updatedAt: Date; name: string; isVIP: boolean; }; } & { id: string; clientId: string; createdAt: Date; ... 10 more ...; parentBookingId: string | null; }'.
src/controllers/bookingController.ts(308,17): error TS2561: Object literal may only specify known properties, but 'service' does not exist in type 'Without<BookingUncheckedCreateInput, BookingCreateInput> & BookingCreateInput'. Did you mean to write 'services'?
src/controllers/bookingController.ts(319,15): error TS2561: Object literal may only specify known properties, but 'service' does not exist in type 'Without<BookingCreateInput, BookingUncheckedCreateInput> & BookingUncheckedCreateInput'. Did you mean to write 'services'?
src/controllers/bookingController.ts(453,19): error TS2339: Property 'service' does not exist on type '{ client: { email: string | null; id: string; phone: string | null; createdAt: Date; updatedAt: Date; name: string; isVIP: boolean; }; } & { id: string; clientId: string; createdAt: Date; ... 10 more ...; parentBookingId: string | null; }'.
src/scripts/clear_blocks.ts(7,13): error TS2561: Object literal may only specify known properties, but 'service' does not exist in type 'BookingWhereInput'. Did you mean to write 'services'?
src/scripts/delete_admin_blocks.ts(6,13): error TS2561: Object literal may only specify known properties, but 'service' does not exist in type 'BookingWhereInput'. Did you mean to write 'services'?
